../Core/Src/main.c:65:6:reset_buffer	8	static
../Core/Src/main.c:70:6:init_buffer	8	static
../Core/Src/main.c:74:6:resize_buffer	8	static
../Core/Src/main.c:78:6:HAL_UART_RxCpltCallback	16	static
../Core/Src/main.c:111:5:main	8	static
../Core/Src/main.c:171:6:SystemClock_Config	88	static
../Core/Src/main.c:215:13:MX_ADC1_Init	24	static
../Core/Src/main.c:262:13:MX_USART2_UART_Init	8	static
../Core/Src/main.c:295:13:MX_GPIO_Init	32	static
../Core/Src/main.c:326:6:Error_Handler	4	static,ignoring_inline_asm
